[backblue.gif]
[fade.gif]
[index.html]
[tripindia.herokuapp.com/index.html]
[tripindia.herokuapp.com/static/assets/img/hero-img1.png]
[code.jquery.com/jquery-1.12.0.min.js]
[tripindia.herokuapp.com/static/assets/img/slider1.jpg]
[tripindia.herokuapp.com/static/assets/img/slider2.jpg]
[tripindia.herokuapp.com/static/assets/img/slider3.jpg]
[tripindia.herokuapp.com/static/assets/img/services-1.jpg]
[tripindia.herokuapp.com/static/assets/img/services-2.jpg]
[tripindia.herokuapp.com/static/assets/img/services-3.jpg]
[tripindia.herokuapp.com/static/assets/img/services-4.jpg]
[tripindia.herokuapp.com/static/assets/img/hero-img.png]
[cdnjs.cloudflare.com/ajax/libs/popper.js/1.11.0/umd/popper.min.js]
[tripindia.herokuapp.com/static/assets/js/bootstrap.min.js]
[tripindia.herokuapp.com/static/assets/js/jquery.ajaxchimp.min.js]
[tripindia.herokuapp.com/static/assets/js/jquery.magnific-popup.min.js]
[tripindia.herokuapp.com/static/assets/js/owl.carousel.min.js]
[tripindia.herokuapp.com/static/assets/js/jquery.sticky.js]
[tripindia.herokuapp.com/static/assets/js/slick.js]
[tripindia.herokuapp.com/static/assets/js/jquery.counterup.min.js]
[tripindia.herokuapp.com/static/assets/js/waypoints.min.js]
[tripindia.herokuapp.com/static/assets/vendor/aos/aos.js]
[tripindia.herokuapp.com/static/assets/vendor/bootstrap/js/bootstrap.bundle.min.js]
[tripindia.herokuapp.com/static/assets/vendor/glightbox/js/glightbox.min.js]
[tripindia.herokuapp.com/static/assets/vendor/isotope-layout/isotope.pkgd.min.js]
[tripindia.herokuapp.com/static/assets/vendor/swiper/swiper-bundle.min.js]
[tripindia.herokuapp.com/static/assets/vendor/php-email-form/validate.js]
[tripindia.herokuapp.com/static/assets/js/main.js]
[tripindia.herokuapp.com/home.html]
[tripindia.herokuapp.com/static/assets/vendor/aos/aos.css]
[tripindia.herokuapp.com/static/assets/vendor/bootstrap/css/bootstrap.min.css]
[tripindia.herokuapp.com/static/assets/vendor/bootstrap-icons/fonts/bootstrap-icons3413.woff2]
[tripindia.herokuapp.com/static/assets/vendor/bootstrap-icons/fonts/bootstrap-icons3413.woff]
[tripindia.herokuapp.com/static/assets/vendor/bootstrap-icons/bootstrap-icons.css]
[tripindia.herokuapp.com/static/assets/vendor/boxicons/fonts/boxicons.eot]
[tripindia.herokuapp.com/static/assets/vendor/boxicons/fonts/boxicons.woff2]
[tripindia.herokuapp.com/static/assets/vendor/boxicons/fonts/boxicons.woff]
[tripindia.herokuapp.com/static/assets/vendor/boxicons/fonts/boxicons.ttf]
[tripindia.herokuapp.com/static/assets/vendor/boxicons/css/boxicons.min.css]
[tripindia.herokuapp.com/static/assets/vendor/glightbox/css/glightbox.min.css]
[tripindia.herokuapp.com/static/assets/vendor/swiper/swiper-bundle.min.css]
[tripindia.herokuapp.com/static/assets/img/plan_image.jpg]
[tripindia.herokuapp.com/static/assets/img/about.jpg]
[tripindia.herokuapp.com/static/assets/img/footer-bg.jpg]
[tripindia.herokuapp.com/static/assets/css/style.css]
[tripindia.herokuapp.com/static/assets/css/main.css]
[tripindia.herokuapp.com/static/assets/fonts/Linearicons-Free54e9.eot]
[tripindia.herokuapp.com/static/assets/fonts/Linearicons-Freed41d.eot]
[tripindia.herokuapp.com/static/assets/fonts/Linearicons-Free54e9.woff2]
[tripindia.herokuapp.com/static/assets/fonts/Linearicons-Free54e9.woff]
[tripindia.herokuapp.com/static/assets/fonts/Linearicons-Free54e9.ttf]
[tripindia.herokuapp.com/static/assets/css/linearicons.css]
[tripindia.herokuapp.com/static/assets/fonts/fontawesome-webfont3e6e.eot]
[tripindia.herokuapp.com/static/assets/fonts/fontawesome-webfontd41d.eot]
[tripindia.herokuapp.com/static/assets/fonts/fontawesome-webfont3e6e.woff2]
[tripindia.herokuapp.com/static/assets/fonts/fontawesome-webfont3e6e.woff]
[tripindia.herokuapp.com/static/assets/fonts/fontawesome-webfont3e6e.ttf]
[tripindia.herokuapp.com/static/assets/css/font-awesome.min.css]
[tripindia.herokuapp.com/static/assets/css/bootstrap.css]
[tripindia.herokuapp.com/static/assets/css/magnific-popup.css]
[tripindia.herokuapp.com/static/assets/css/animate.min.css]
[tripindia.herokuapp.com/static/assets/css/owl.carousel.css]
[tripindia.herokuapp.com/touristdestination/index.html]
[tripindia.herokuapp.com/user/static/assets/images/hero-img.png]
[tripindia.herokuapp.com/user/static/assets/js/main.js]
[tripindia.herokuapp.com/user/login.html]
[tripindia.herokuapp.com/touristdestination/static/assets/img/hero-img.png]
[tripindia.herokuapp.com/touristdestination/static/assets/js/jquery.js]
[tripindia.herokuapp.com/touristdestination/static/assets/js/jquery-migrate-1.2.1.js]
[tripindia.herokuapp.com/touristdestination/static/assets/js/script.js]
[tripindia.herokuapp.com/touristdestination/static/assets/js/superfish.js]
[tripindia.herokuapp.com/touristdestination/static/assets/js/jquery.ui.totop.js]
[tripindia.herokuapp.com/touristdestination/static/assets/js/jquery.equalheights.js]
[tripindia.herokuapp.com/touristdestination/static/assets/js/jquery.mobilemenu.js]
[tripindia.herokuapp.com/touristdestination/static/assets/js/jquery.easing.1.3.js]
[tripindia.herokuapp.com/touristdestination/static/assets/js/owl.carousel.js]
[tripindia.herokuapp.com/touristdestination/static/assets/js/camera.js]
[tripindia.herokuapp.com/touristdestination/static/assets/js/jquery.mobile.customized.min.js]
[tripindia.herokuapp.com/touristdestination/static/assets/img/Cities/Darjeeling2.jpg]
[tripindia.herokuapp.com/touristdestination/static/assets/img/Cities/Mumbai2.jpg]
[tripindia.herokuapp.com/touristdestination/static/assets/img/Cities/Manali2.jpg]
[tripindia.herokuapp.com/touristdestination/static/assets/img/Cities/LQ/Agra.jpg]
[tripindia.herokuapp.com/touristdestination/static/assets/img/Cities/LQ/Ajmer.jpg]
[tripindia.herokuapp.com/touristdestination/static/assets/img/Cities/LQ/Bengaluru.jpg]
[tripindia.herokuapp.com/touristdestination/static/assets/img/Cities/LQ/Bhubaneswar.jpg]
[tripindia.herokuapp.com/touristdestination/static/assets/img/Cities/LQ/Bikaner.jpg]
[tripindia.herokuapp.com/touristdestination/static/assets/img/Cities/LQ/Darjeeling.jpg]
[tripindia.herokuapp.com/touristdestination/static/assets/img/Cities/LQ/Delhi.jpg]
[tripindia.herokuapp.com/touristdestination/static/assets/img/Cities/LQ/Gangtok.jpg]
[tripindia.herokuapp.com/touristdestination/static/assets/img/Cities/LQ/Goa.jpg]
[tripindia.herokuapp.com/touristdestination/static/assets/img/Cities/LQ/Jaipur.jpg]
[tripindia.herokuapp.com/touristdestination/static/assets/img/Cities/LQ/Jaisalmer.jpg]
[tripindia.herokuapp.com/touristdestination/static/assets/img/Cities/LQ/Jodhpur.jpg]
[tripindia.herokuapp.com/touristdestination/static/assets/img/Cities/LQ/Kolkata.jpg]
[tripindia.herokuapp.com/touristdestination/static/assets/img/Cities/LQ/Manali.jpg]
[tripindia.herokuapp.com/touristdestination/static/assets/img/Cities/LQ/Mount Abu.jpg]
[tripindia.herokuapp.com/touristdestination/static/assets/img/Cities/LQ/Mumbai.jpg]
[tripindia.herokuapp.com/touristdestination/static/assets/img/Cities/LQ/Shimla.jpg]
[tripindia.herokuapp.com/touristdestination/static/assets/img/Cities/LQ/Srinagar.jpg]
[tripindia.herokuapp.com/touristdestination/static/assets/img/Cities/LQ/Udaipur.jpg]
[tripindia.herokuapp.com/touristdestination/static/assets/img/Cities/LQ/Amritsar.jpg]
[tripindia.herokuapp.com/touristdestination/static/assets/img/Cities/LQ/Pondicherry.jpg]
[tripindia.herokuapp.com/touristdestination/static/assets/img/Cities/LQ/Andaman and Nicobar Islands.jpg]
[tripindia.herokuapp.com/touristdestination/static/assets/img/Cities/LQ/Ravangla.jpg]
[tripindia.herokuapp.com/touristdestination/static/assets/img/Cities/LQ/Namchi.jpg]
[tripindia.herokuapp.com/touristdestination/static/assets/img/Cities/LQ/Pelling.jpg]
[tripindia.herokuapp.com/touristdestination/static/assets/img/Cities/LQ/Lachen.jpg]
[tripindia.herokuapp.com/touristdestination/static/assets/img/Cities/LQ/Lachung.jpg]
[tripindia.herokuapp.com/touristdestination/static/assets/img/Cities/LQ/Kalimpong.jpg]
[tripindia.herokuapp.com/touristdestination/static/assets/img/Cities/LQ/Dehradun.jpg]
[tripindia.herokuapp.com/touristdestination/static/assets/img/Cities/LQ/Mandawa.jpg]
[tripindia.herokuapp.com/touristdestination/static/assets/img/Cities/LQ/Tawang.jpg]
[tripindia.herokuapp.com/touristdestination/static/assets/img/Cities/LQ/Mangan.jpg]
[tripindia.herokuapp.com/touristdestination/static/assets/img/Cities/LQ/Siliguri.jpg]
[tripindia.herokuapp.com/touristdestination/static/assets/img/Cities/LQ/Guwahati.jpg]
[tripindia.herokuapp.com/touristdestination/static/assets/img/Cities/LQ/Itanagar.jpg]
[tripindia.herokuapp.com/touristdestination/static/assets/img/Cities/LQ/Shillong.jpg]
[tripindia.herokuapp.com/touristdestination/static/assets/js/main.js]
[tripindia.herokuapp.com/touristdestination/explore.html]
[tripindia.herokuapp.com/plan/index.html]
[tripindia.herokuapp.com/static/assets/vendor/boxicons/fonts/boxiconsd41d.svg]
[tripindia.herokuapp.com/static/assets/img/elements/primary-check.html]
[tripindia.herokuapp.com/static/assets/img/elements/success-check.html]
[tripindia.herokuapp.com/static/assets/img/elements/disabled-check.html]
[tripindia.herokuapp.com/static/assets/img/elements/primary-radio.html]
[tripindia.herokuapp.com/static/assets/img/elements/success-radio.html]
[tripindia.herokuapp.com/static/assets/img/elements/disabled-radio.html]
[tripindia.herokuapp.com/static/assets/img/video-bg.html]
[tripindia.herokuapp.com/static/assets/fonts/Linearicons-Free54e9.svg]
[tripindia.herokuapp.com/static/assets/fonts/fontawesome-webfont3e6e.svg]
[tripindia.herokuapp.com/static/assets/css/owl.video.play.html]
[tripindia.herokuapp.com/user/static/assets/css/bootstrap.min.css]
[tripindia.herokuapp.com/user/static/assets/webfonts/fa-brands-400.eot]
[tripindia.herokuapp.com/user/static/assets/webfonts/fa-brands-400d41d.eot]
[tripindia.herokuapp.com/user/static/assets/webfonts/fa-brands-400.woff2]
[tripindia.herokuapp.com/user/static/assets/webfonts/fa-brands-400.woff]
[tripindia.herokuapp.com/user/static/assets/webfonts/fa-brands-400.ttf]
[tripindia.herokuapp.com/user/static/assets/webfonts/fa-regular-400.eot]
[tripindia.herokuapp.com/user/static/assets/webfonts/fa-regular-400d41d.eot]
[tripindia.herokuapp.com/user/static/assets/webfonts/fa-regular-400.woff2]
[tripindia.herokuapp.com/user/static/assets/webfonts/fa-regular-400.woff]
[tripindia.herokuapp.com/user/static/assets/webfonts/fa-regular-400.ttf]
[tripindia.herokuapp.com/user/static/assets/webfonts/fa-solid-900.eot]
[tripindia.herokuapp.com/user/static/assets/webfonts/fa-solid-900d41d.eot]
[tripindia.herokuapp.com/user/static/assets/webfonts/fa-solid-900.woff2]
[tripindia.herokuapp.com/user/static/assets/webfonts/fa-solid-900.woff]
[tripindia.herokuapp.com/user/static/assets/webfonts/fa-solid-900.ttf]
[tripindia.herokuapp.com/user/static/assets/css/fontawsom-all.min.css]
[tripindia.herokuapp.com/user/static/assets/css/login.css]
[tripindia.herokuapp.com/user/static/signupassets/vendor/jquery/jquery.min.js]
[tripindia.herokuapp.com/user/static/signupassets/js/main.js]
[tripindia.herokuapp.com/user/signup.html]
[tripindia.herokuapp.com/touristdestination/static/assets/img/camera-loader.gif]
[tripindia.herokuapp.com/touristdestination/static/assets/img/capt_a.png]
[tripindia.herokuapp.com/touristdestination/static/assets/img/prevnext.png]
[tripindia.herokuapp.com/touristdestination/static/assets/css/camera.css]
[tripindia.herokuapp.com/touristdestination/static/assets/css/owl.carousel.css]
[tripindia.herokuapp.com/touristdestination/static/assets/img/marker.png]
[tripindia.herokuapp.com/touristdestination/static/assets/img/quotes.png]
[tripindia.herokuapp.com/touristdestination/static/assets/img/time_bg.png]
[tripindia.herokuapp.com/touristdestination/static/assets/css/style1.css]
[tripindia.herokuapp.com/touristdestination/static/assets/img/Cities/Darjeeling.jpg]
[tripindia.herokuapp.com/touristdestination/static/assets/img/uploads/Kurseong0.jpg]
[tripindia.herokuapp.com/touristdestination/static/assets/img/uploads/Mirik0.jpg]
[tripindia.herokuapp.com/touristdestination/explore/Darjeeling.html]
[tripindia.herokuapp.com/touristdestination/static/assets/img/Cities/Mumbai.jpg]
[tripindia.herokuapp.com/touristdestination/explore/Mumbai.html]
[tripindia.herokuapp.com/touristdestination/static/assets/img/Cities/Manali.jpg]
[tripindia.herokuapp.com/touristdestination/explore/Manali.html]
[tripindia.herokuapp.com/touristdestination/static/assets/img/Cities/Agra.jpg]
[tripindia.herokuapp.com/touristdestination/static/assets/img/Cities/Agra2.jpg]
[tripindia.herokuapp.com/touristdestination/static/assets/img/uploads/Agra Fort0.jpg]
[tripindia.herokuapp.com/touristdestination/explore/Agra.html]
[tripindia.herokuapp.com/touristdestination/static/assets/img/Cities/Ajmer.jpg]
[tripindia.herokuapp.com/touristdestination/static/assets/img/Cities/Ajmer2.jpg]
[tripindia.herokuapp.com/touristdestination/static/assets/img/uploads/Ajmer Government Museum0.jpg]
[tripindia.herokuapp.com/touristdestination/static/assets/img/uploads/Hazrat Khwaja Gharib Nawaz Dargah0.jpg]
[tripindia.herokuapp.com/touristdestination/static/assets/img/uploads/The Pushkar Brahma Temple0.jpg]
[tripindia.herokuapp.com/touristdestination/explore/Ajmer.html]
[tripindia.herokuapp.com/touristdestination/static/assets/img/Cities/Bengaluru.jpg]
[tripindia.herokuapp.com/touristdestination/static/assets/img/Cities/Bengaluru2.jpg]
[tripindia.herokuapp.com/touristdestination/explore/Bengaluru.html]
[tripindia.herokuapp.com/touristdestination/static/assets/img/Cities/Bhubaneswar.jpg]
[tripindia.herokuapp.com/touristdestination/static/assets/img/Cities/Bhubaneswar2.jpg]
[tripindia.herokuapp.com/touristdestination/explore/Bhubaneswar.html]
[tripindia.herokuapp.com/touristdestination/static/assets/img/Cities/Bikaner.jpg]
[tripindia.herokuapp.com/touristdestination/static/assets/img/Cities/Bikaner2.jpg]
[tripindia.herokuapp.com/touristdestination/explore/Bikaner.html]
[tripindia.herokuapp.com/touristdestination/static/assets/img/Cities/Delhi.jpg]
[tripindia.herokuapp.com/touristdestination/static/assets/img/Cities/Delhi2.jpg]
[tripindia.herokuapp.com/touristdestination/static/assets/img/uploads/Red Fort0.jpg]
[tripindia.herokuapp.com/touristdestination/explore/Delhi.html]
[tripindia.herokuapp.com/touristdestination/static/assets/img/Cities/Gangtok.jpg]
[tripindia.herokuapp.com/touristdestination/static/assets/img/Cities/Gangtok2.jpg]
[tripindia.herokuapp.com/touristdestination/explore/Gangtok.html]
[tripindia.herokuapp.com/touristdestination/static/assets/img/Cities/Goa.jpg]
[tripindia.herokuapp.com/touristdestination/static/assets/img/Cities/Goa2.jpg]
[tripindia.herokuapp.com/touristdestination/explore/Goa.html]
[tripindia.herokuapp.com/touristdestination/static/assets/img/Cities/Jaipur.jpg]
[tripindia.herokuapp.com/touristdestination/static/assets/img/Cities/Jaipur2.jpg]
[tripindia.herokuapp.com/touristdestination/static/assets/img/uploads/Jal Mahal0.jpg]
[tripindia.herokuapp.com/touristdestination/static/assets/img/uploads/Amer Fort0.jpg]
[tripindia.herokuapp.com/touristdestination/static/assets/img/uploads/Jantar Mantar0.jpg]
[tripindia.herokuapp.com/touristdestination/static/assets/img/uploads/Hawa Mahal0.jpg]
[tripindia.herokuapp.com/touristdestination/static/assets/img/uploads/Ranthambore National Park0.jpg]
[tripindia.herokuapp.com/touristdestination/static/assets/img/uploads/Galtaji Temple0.jpg]
[tripindia.herokuapp.com/touristdestination/static/assets/img/uploads/CITY PALACE0.jpg]
[tripindia.herokuapp.com/touristdestination/static/assets/img/uploads/Albert Hall Museum0.jpg]
[tripindia.herokuapp.com/touristdestination/static/assets/img/uploads/Birla Temple0.jpg]
[tripindia.herokuapp.com/touristdestination/static/assets/img/uploads/Nahargarh Fort0.jpg]
[tripindia.herokuapp.com/touristdestination/static/assets/img/uploads/Jaigarh Fort0.jpg]
[tripindia.herokuapp.com/touristdestination/static/assets/img/uploads/Jaipur Zoo0.jpg]
[tripindia.herokuapp.com/touristdestination/explore/Jaipur.html]
[tripindia.herokuapp.com/touristdestination/static/assets/img/Cities/Jaisalmer.jpg]
[tripindia.herokuapp.com/touristdestination/static/assets/img/Cities/Jaisalmer2.jpg]
[tripindia.herokuapp.com/touristdestination/static/assets/img/uploads/Kuldhara0.jpg]
[tripindia.herokuapp.com/touristdestination/static/assets/img/uploads/Jaisalmer Fort0.jpg]
[tripindia.herokuapp.com/touristdestination/static/assets/img/uploads/GADISAR LAKE0.jpg]
[tripindia.herokuapp.com/touristdestination/static/assets/img/uploads/Jaisalmer War Museum0.jpg]
[tripindia.herokuapp.com/touristdestination/static/assets/img/uploads/Desert National Park0.jpg]
[tripindia.herokuapp.com/touristdestination/static/assets/img/uploads/Patwon Ki Haveli0.jpg]
[tripindia.herokuapp.com/touristdestination/static/assets/img/uploads/Bada Bagh0.jpg]
[tripindia.herokuapp.com/touristdestination/static/assets/img/uploads/Salim Singh Ki Haveli0.jpg]
[tripindia.herokuapp.com/touristdestination/static/assets/img/uploads/Sam Sand Dunes0.jpg]
[tripindia.herokuapp.com/touristdestination/static/assets/img/uploads/Thar Heritage Museum0.jpg]
[tripindia.herokuapp.com/touristdestination/explore/Jaisalmer.html]
[tripindia.herokuapp.com/touristdestination/static/assets/img/Cities/Jodhpur.jpg]
[tripindia.herokuapp.com/touristdestination/static/assets/img/Cities/Jodhpur2.jpg]
[tripindia.herokuapp.com/touristdestination/static/assets/img/uploads/Mehrangarh Fort0.jpg]
[tripindia.herokuapp.com/touristdestination/static/assets/img/uploads/Toorji Ka Jhalra Bavdi0.jpg]
[tripindia.herokuapp.com/touristdestination/static/assets/img/uploads/Jaswant Thada0.jpg]
[tripindia.herokuapp.com/touristdestination/static/assets/img/uploads/Mandore Gardens0.jpg]
[tripindia.herokuapp.com/touristdestination/static/assets/img/uploads/Umaid Bhawan Museum0.jpg]
[tripindia.herokuapp.com/touristdestination/static/assets/img/uploads/Balsamand Lake And Garden0.jpg]
[tripindia.herokuapp.com/touristdestination/static/assets/img/uploads/Masuriya Hill Garden0.jpg]
[tripindia.herokuapp.com/touristdestination/static/assets/img/uploads/Sardar Government Museum0.jpg]
[tripindia.herokuapp.com/touristdestination/static/assets/img/uploads/Mahamandir Temple0.jpg]
[tripindia.herokuapp.com/touristdestination/static/assets/img/uploads/Ghanta Ghar0.jpg]
[tripindia.herokuapp.com/touristdestination/static/assets/img/uploads/Phool Mahal0.jpg]
[tripindia.herokuapp.com/touristdestination/static/assets/img/uploads/Machia Biological Park0.jpg]
[tripindia.herokuapp.com/touristdestination/static/assets/img/uploads/Chamunda Devi Temple0.jpg]
[tripindia.herokuapp.com/touristdestination/static/assets/img/uploads/Kaylana Lake0.jpg]
[tripindia.herokuapp.com/touristdestination/static/assets/img/uploads/Jain Mahavira Temple0.jpg]
[tripindia.herokuapp.com/touristdestination/static/assets/img/uploads/Osian Desert0.jpg]
[tripindia.herokuapp.com/touristdestination/explore/Jodhpur.html]
[tripindia.herokuapp.com/touristdestination/static/assets/img/Cities/Kolkata.jpg]
[tripindia.herokuapp.com/touristdestination/static/assets/img/Cities/Kolkata2.jpg]
[tripindia.herokuapp.com/touristdestination/explore/Kolkata.html]
[tripindia.herokuapp.com/touristdestination/static/assets/img/Cities/Mount Abu.jpg]
[tripindia.herokuapp.com/touristdestination/static/assets/img/Cities/Mount Abu2.jpg]
[tripindia.herokuapp.com/touristdestination/static/assets/img/uploads/Dilwara Temple0.jpg]
[tripindia.herokuapp.com/touristdestination/static/assets/img/uploads/Nakki Lake0.jpg]
[tripindia.herokuapp.com/touristdestination/explore/Mount Abu.html]
[tripindia.herokuapp.com/touristdestination/static/assets/img/Cities/Shimla.jpg]
[tripindia.herokuapp.com/touristdestination/static/assets/img/Cities/Shimla2.jpg]
[tripindia.herokuapp.com/touristdestination/explore/Shimla.html]
[tripindia.herokuapp.com/touristdestination/static/assets/img/Cities/Srinagar.jpg]
[tripindia.herokuapp.com/touristdestination/static/assets/img/Cities/Srinagar2.jpg]
[tripindia.herokuapp.com/touristdestination/explore/Srinagar.html]
[tripindia.herokuapp.com/touristdestination/static/assets/img/Cities/Udaipur.jpg]
[tripindia.herokuapp.com/touristdestination/static/assets/img/Cities/Udaipur2.jpg]
[tripindia.herokuapp.com/touristdestination/static/assets/img/uploads/Fateh Sagar Lake0.jpg]
[tripindia.herokuapp.com/touristdestination/static/assets/img/uploads/City Palace0-2.jpg]
[tripindia.herokuapp.com/touristdestination/static/assets/img/uploads/Lake Pichola0.jpg]
[tripindia.herokuapp.com/touristdestination/static/assets/img/uploads/Haldighati0.jpg]
[tripindia.herokuapp.com/touristdestination/static/assets/img/uploads/Jagdish Temple0.jpg]
[tripindia.herokuapp.com/touristdestination/static/assets/img/uploads/Vintage Car Museum0.jpg]
[tripindia.herokuapp.com/touristdestination/static/assets/img/uploads/Bagore Ki Haveli0.jpg]
[tripindia.herokuapp.com/touristdestination/static/assets/img/uploads/Sajjangarh Fort0.jpg]
[tripindia.herokuapp.com/touristdestination/static/assets/img/uploads/Sahelion Ki Bari0.jpg]
[tripindia.herokuapp.com/touristdestination/static/assets/img/uploads/Moti Magri0.jpg]
[tripindia.herokuapp.com/touristdestination/static/assets/img/uploads/Shilpgram0.jpg]
[tripindia.herokuapp.com/touristdestination/explore/Udaipur.html]
[tripindia.herokuapp.com/touristdestination/static/assets/img/Cities/Amritsar.jpg]
[tripindia.herokuapp.com/touristdestination/static/assets/img/Cities/Amritsar2.jpg]
[tripindia.herokuapp.com/touristdestination/explore/Amritsar.html]
[tripindia.herokuapp.com/touristdestination/static/assets/img/Cities/Pondicherry.jpg]
[tripindia.herokuapp.com/touristdestination/static/assets/img/Cities/Pondicherry2.jpg]
[tripindia.herokuapp.com/touristdestination/explore/Pondicherry.html]
[tripindia.herokuapp.com/touristdestination/static/assets/img/Cities/Andaman and Nicobar Islands.jpg]
[tripindia.herokuapp.com/touristdestination/static/assets/img/Cities/Andaman and Nicobar Islands2.jpg]
[tripindia.herokuapp.com/touristdestination/explore/Andaman and Nicobar Islands.html]
[tripindia.herokuapp.com/touristdestination/static/assets/img/Cities/Ravangla.jpg]
[tripindia.herokuapp.com/touristdestination/static/assets/img/Cities/Ravangla2.jpg]
[tripindia.herokuapp.com/touristdestination/explore/Ravangla.html]
[tripindia.herokuapp.com/touristdestination/static/assets/img/Cities/Namchi.jpg]
[tripindia.herokuapp.com/touristdestination/static/assets/img/Cities/Namchi2.jpg]
[tripindia.herokuapp.com/touristdestination/explore/Namchi.html]
[tripindia.herokuapp.com/touristdestination/static/assets/img/Cities/Pelling.jpg]
[tripindia.herokuapp.com/touristdestination/static/assets/img/Cities/Pelling2.jpg]
[tripindia.herokuapp.com/touristdestination/explore/Pelling.html]
[tripindia.herokuapp.com/touristdestination/static/assets/img/Cities/Lachen.jpg]
[tripindia.herokuapp.com/touristdestination/static/assets/img/Cities/Lachen2.jpg]
[tripindia.herokuapp.com/touristdestination/explore/Lachen.html]
[tripindia.herokuapp.com/touristdestination/static/assets/img/Cities/Lachung.jpg]
[tripindia.herokuapp.com/touristdestination/static/assets/img/Cities/Lachung2.jpg]
[tripindia.herokuapp.com/touristdestination/explore/Lachung.html]
[tripindia.herokuapp.com/touristdestination/static/assets/img/Cities/Kalimpong.jpg]
[tripindia.herokuapp.com/touristdestination/static/assets/img/Cities/Kalimpong2.jpg]
[tripindia.herokuapp.com/touristdestination/explore/Kalimpong.html]
[tripindia.herokuapp.com/touristdestination/static/assets/img/Cities/Dehradun.jpg]
[tripindia.herokuapp.com/touristdestination/static/assets/img/Cities/Dehradun2.jpg]
[tripindia.herokuapp.com/touristdestination/static/assets/img/uploads/Rishikesh0.jpg]
[tripindia.herokuapp.com/touristdestination/explore/Dehradun.html]
[tripindia.herokuapp.com/touristdestination/static/assets/img/Cities/Mandawa.jpg]
[tripindia.herokuapp.com/touristdestination/static/assets/img/Cities/Mandawa2.jpg]
[tripindia.herokuapp.com/touristdestination/explore/Mandawa.html]
[tripindia.herokuapp.com/touristdestination/static/assets/img/Cities/Tawang.jpg]
[tripindia.herokuapp.com/touristdestination/static/assets/img/Cities/Tawang2.jpg]
[tripindia.herokuapp.com/touristdestination/explore/Tawang.html]
[tripindia.herokuapp.com/touristdestination/static/assets/img/Cities/Mangan.jpg]
[tripindia.herokuapp.com/touristdestination/static/assets/img/Cities/Mangan2.jpg]
[tripindia.herokuapp.com/touristdestination/explore/Mangan.html]
[tripindia.herokuapp.com/touristdestination/static/assets/img/Cities/Siliguri.jpg]
[tripindia.herokuapp.com/touristdestination/static/assets/img/Cities/Siliguri2.jpg]
[tripindia.herokuapp.com/touristdestination/explore/Siliguri.html]
[tripindia.herokuapp.com/touristdestination/static/assets/img/Cities/Guwahati.jpg]
[tripindia.herokuapp.com/touristdestination/static/assets/img/Cities/Guwahati2.jpg]
[tripindia.herokuapp.com/touristdestination/explore/Guwahati.html]
[tripindia.herokuapp.com/touristdestination/static/assets/img/Cities/Itanagar.jpg]
[tripindia.herokuapp.com/touristdestination/static/assets/img/Cities/Itanagar2.jpg]
[tripindia.herokuapp.com/touristdestination/explore/Itanagar.html]
[tripindia.herokuapp.com/touristdestination/static/assets/img/Cities/Shillong.jpg]
[tripindia.herokuapp.com/touristdestination/static/assets/img/Cities/Shillong2.jpg]
[tripindia.herokuapp.com/touristdestination/explore/Shillong.html]
[tripindia.herokuapp.com/user/static/assets/webfonts/fa-brands-400.svg]
[tripindia.herokuapp.com/user/static/assets/webfonts/fa-regular-400.svg]
[tripindia.herokuapp.com/user/static/assets/webfonts/fa-solid-900.svg]
[tripindia.herokuapp.com/user/static/signupassets/fonts/material-icon/fonts/Material-Design-Iconic-Fontd1f1.woff2]
[tripindia.herokuapp.com/user/static/signupassets/fonts/material-icon/fonts/Material-Design-Iconic-Fontd1f1.woff]
[tripindia.herokuapp.com/user/static/signupassets/fonts/material-icon/fonts/Material-Design-Iconic-Fontd1f1.ttf]
[tripindia.herokuapp.com/user/static/signupassets/fonts/material-icon/css/material-design-iconic-font.min.css]
[tripindia.herokuapp.com/user/static/signupassets/fonts/montserrat/Montserrat-Light.ttf]
[tripindia.herokuapp.com/user/static/signupassets/fonts/montserrat/Montserrat-Regular.ttf]
[tripindia.herokuapp.com/user/static/signupassets/fonts/montserrat/Montserrat-Italic.ttf]
[tripindia.herokuapp.com/user/static/signupassets/fonts/montserrat/Montserrat-Medium.ttf]
[tripindia.herokuapp.com/user/static/signupassets/fonts/montserrat/Montserrat-SemiBold.ttf]
[tripindia.herokuapp.com/user/static/signupassets/fonts/montserrat/Montserrat-Bold.ttf]
[tripindia.herokuapp.com/user/static/signupassets/fonts/montserrat/Montserrat-BoldItalic.ttf]
[tripindia.herokuapp.com/user/static/signupassets/fonts/montserrat/montserrat-v12-latin-900.ttf]
[tripindia.herokuapp.com/user/static/signupassets/fonts/montserrat/montserrat-v12-latin-900.eot]
[tripindia.herokuapp.com/user/static/signupassets/fonts/montserrat/montserrat-v12-latin-900.woff]
[tripindia.herokuapp.com/user/static/signupassets/fonts/montserrat/montserrat-v12-latin-900.woff2]
[tripindia.herokuapp.com/user/static/signupassets/images/signup-bg.jpg]
[tripindia.herokuapp.com/user/static/signupassets/css/style.css]
[tripindia.herokuapp.com/touristdestination/static/assets/img/blank.html]
[tripindia.herokuapp.com/touristdestination/static/assets/img/prevnext_bg.html]
[tripindia.herokuapp.com/touristdestination/static/assets/img/prev.html]
[tripindia.herokuapp.com/touristdestination/static/assets/img/next.html]
[tripindia.herokuapp.com/touristdestination/static/assets/img/thumb_bg.html]
[tripindia.herokuapp.com/touristdestination/static/assets/img/count_icon.html]
[tripindia.herokuapp.com/touristdestination/static/assets/css/reset.css]
[tripindia.herokuapp.com/touristdestination/static/assets/css/skeleton.css]
[tripindia.herokuapp.com/touristdestination/static/assets/fonts/fontawesome-webfontba72.eot]
[tripindia.herokuapp.com/touristdestination/static/assets/fonts/fontawesome-webfontd41d.eot]
[tripindia.herokuapp.com/touristdestination/static/assets/fonts/fontawesome-webfontba72.woff]
[tripindia.herokuapp.com/touristdestination/static/assets/fonts/fontawesome-webfontba72.ttf]
[tripindia.herokuapp.com/touristdestination/static/assets/css/font-awesome.css]
[tripindia.herokuapp.com/touristdestination/static/assets/img/menu_bg.png]
[tripindia.herokuapp.com/touristdestination/static/assets/img/mebu_sep.png]
[tripindia.herokuapp.com/touristdestination/static/assets/img/arrows.png]
[tripindia.herokuapp.com/touristdestination/static/assets/css/superfish.css]
[tripindia.herokuapp.com/touristdestination/static/assets/img/uploads/Kurseong1.jpg]
[tripindia.herokuapp.com/touristdestination/static/assets/img/uploads/Kurseong2.jpg]
[tripindia.herokuapp.com/touristdestination/static/assets/img/uploads/Kurseong3.jpg]
[tripindia.herokuapp.com/touristdestination/static/assets/js/info.js]
[tripindia.herokuapp.com/touristdestination/explore/Darjeeling/Kurseong.html]
[tripindia.herokuapp.com/touristdestination/static/assets/img/uploads/Mirik1.jpg]
[tripindia.herokuapp.com/touristdestination/static/assets/img/uploads/Mirik2.jpg]
[tripindia.herokuapp.com/touristdestination/static/assets/img/uploads/Mirik3.jpg]
[tripindia.herokuapp.com/touristdestination/explore/Darjeeling/Mirik.html]
[tripindia.herokuapp.com/touristdestination/static/assets/img/uploads/Agra Fort1.jpg]
[tripindia.herokuapp.com/touristdestination/static/assets/img/uploads/Agra Fort2.jpg]
[tripindia.herokuapp.com/touristdestination/static/assets/img/uploads/Agra Fort3.jpg]
[tripindia.herokuapp.com/touristdestination/explore/Agra/Agra Fort.html]
[tripindia.herokuapp.com/touristdestination/static/assets/img/uploads/Ajmer Government Museum1.jpg]
[tripindia.herokuapp.com/touristdestination/static/assets/img/uploads/Ajmer Government Museum2.jpg]
[tripindia.herokuapp.com/touristdestination/static/assets/img/uploads/Ajmer Government Museum3.jpg]
[tripindia.herokuapp.com/touristdestination/explore/Ajmer/Ajmer Government Museum.html]
[tripindia.herokuapp.com/touristdestination/static/assets/img/uploads/Hazrat Khwaja Gharib Nawaz Dargah1.jpg]
[tripindia.herokuapp.com/touristdestination/static/assets/img/uploads/Hazrat Khwaja Gharib Nawaz Dargah2.jpg]
[tripindia.herokuapp.com/touristdestination/static/assets/img/uploads/Hazrat Khwaja Gharib Nawaz Dargah3.jpg]
[tripindia.herokuapp.com/touristdestination/explore/Ajmer/Hazrat Khwaja Gharib Nawaz Dargah.html]
[tripindia.herokuapp.com/touristdestination/static/assets/img/uploads/The Pushkar Brahma Temple1.jpg]
[tripindia.herokuapp.com/touristdestination/static/assets/img/uploads/The Pushkar Brahma Temple2.jpg]
[tripindia.herokuapp.com/touristdestination/static/assets/img/uploads/The Pushkar Brahma Temple3.jpg]
[tripindia.herokuapp.com/touristdestination/explore/Ajmer/The Pushkar Brahma Temple.html]
[tripindia.herokuapp.com/touristdestination/static/assets/img/uploads/Red Fort1.jpg]
[tripindia.herokuapp.com/touristdestination/static/assets/img/uploads/Red Fort2.jpg]
[tripindia.herokuapp.com/touristdestination/static/assets/img/uploads/Red Fort3.jpg]
[tripindia.herokuapp.com/touristdestination/explore/Delhi/Red Fort.html]
[tripindia.herokuapp.com/touristdestination/static/assets/img/uploads/Jal Mahal1.jpg]
[tripindia.herokuapp.com/touristdestination/static/assets/img/uploads/Jal Mahal2.jpg]
[tripindia.herokuapp.com/touristdestination/static/assets/img/uploads/Jal Mahal3.jpg]
[tripindia.herokuapp.com/touristdestination/explore/Jaipur/Jal Mahal.html]
[tripindia.herokuapp.com/touristdestination/static/assets/img/uploads/Amer Fort1.jpg]
[tripindia.herokuapp.com/touristdestination/static/assets/img/uploads/Amer Fort2.jpg]
[tripindia.herokuapp.com/touristdestination/static/assets/img/uploads/Amer Fort3.jpg]
[tripindia.herokuapp.com/touristdestination/explore/Jaipur/Amer Fort.html]
[tripindia.herokuapp.com/touristdestination/static/assets/img/uploads/Jantar Mantar1.jpg]
[tripindia.herokuapp.com/touristdestination/static/assets/img/uploads/Jantar Mantar2.jpg]
[tripindia.herokuapp.com/touristdestination/static/assets/img/uploads/Jantar Mantar3.jpg]
[tripindia.herokuapp.com/touristdestination/explore/Jaipur/Jantar Mantar.html]
[tripindia.herokuapp.com/touristdestination/static/assets/img/uploads/Hawa Mahal1.jpg]
[tripindia.herokuapp.com/touristdestination/static/assets/img/uploads/Hawa Mahal2.jpg]
[tripindia.herokuapp.com/touristdestination/static/assets/img/uploads/Hawa Mahal3.jpg]
[tripindia.herokuapp.com/touristdestination/explore/Jaipur/Hawa Mahal.html]
[tripindia.herokuapp.com/touristdestination/static/assets/img/uploads/Ranthambore National Park1.jpg]
[tripindia.herokuapp.com/touristdestination/static/assets/img/uploads/Ranthambore National Park2.jpg]
[tripindia.herokuapp.com/touristdestination/static/assets/img/uploads/Ranthambore National Park3.jpg]
[tripindia.herokuapp.com/touristdestination/explore/Jaipur/Ranthambore National Park.html]
[tripindia.herokuapp.com/touristdestination/static/assets/img/uploads/Galtaji Temple1.jpg]
[tripindia.herokuapp.com/touristdestination/static/assets/img/uploads/Galtaji Temple2.jpg]
[tripindia.herokuapp.com/touristdestination/static/assets/img/uploads/Galtaji Temple3.jpg]
[tripindia.herokuapp.com/touristdestination/explore/Jaipur/Galtaji Temple.html]
[tripindia.herokuapp.com/touristdestination/static/assets/img/uploads/CITY PALACE1.jpg]
[tripindia.herokuapp.com/touristdestination/static/assets/img/uploads/CITY PALACE2.jpg]
[tripindia.herokuapp.com/touristdestination/static/assets/img/uploads/CITY PALACE3.jpg]
[tripindia.herokuapp.com/touristdestination/explore/Jaipur/CITY PALACE.html]
[tripindia.herokuapp.com/touristdestination/static/assets/img/uploads/Albert Hall Museum1.jpg]
[tripindia.herokuapp.com/touristdestination/static/assets/img/uploads/Albert Hall Museum2.jpg]
[tripindia.herokuapp.com/touristdestination/static/assets/img/uploads/Albert Hall Museum3.jpg]
[tripindia.herokuapp.com/touristdestination/explore/Jaipur/Albert Hall Museum.html]
[tripindia.herokuapp.com/touristdestination/static/assets/img/uploads/Birla Temple1.jpg]
[tripindia.herokuapp.com/touristdestination/static/assets/img/uploads/Birla Temple2.jpg]
[tripindia.herokuapp.com/touristdestination/static/assets/img/uploads/Birla Temple3.jpg]
[tripindia.herokuapp.com/touristdestination/explore/Jaipur/Birla Temple.html]
[tripindia.herokuapp.com/touristdestination/static/assets/img/uploads/Nahargarh Fort1.jpg]
[tripindia.herokuapp.com/touristdestination/static/assets/img/uploads/Nahargarh Fort2.jpg]
[tripindia.herokuapp.com/touristdestination/static/assets/img/uploads/Nahargarh Fort3.jpg]
[tripindia.herokuapp.com/touristdestination/explore/Jaipur/Nahargarh Fort.html]
[tripindia.herokuapp.com/touristdestination/static/assets/img/uploads/Jaigarh Fort1.jpg]
[tripindia.herokuapp.com/touristdestination/static/assets/img/uploads/Jaigarh Fort2.jpg]
[tripindia.herokuapp.com/touristdestination/static/assets/img/uploads/Jaigarh Fort3.jpg]
[tripindia.herokuapp.com/touristdestination/explore/Jaipur/Jaigarh Fort.html]
[tripindia.herokuapp.com/touristdestination/static/assets/img/uploads/Jaipur Zoo1.jpg]
[tripindia.herokuapp.com/touristdestination/static/assets/img/uploads/Jaipur Zoo2.jpg]
[tripindia.herokuapp.com/touristdestination/static/assets/img/uploads/Jaipur Zoo3.jpg]
[tripindia.herokuapp.com/touristdestination/explore/Jaipur/Jaipur Zoo.html]
[tripindia.herokuapp.com/touristdestination/static/assets/img/uploads/Kuldhara1.jpg]
[tripindia.herokuapp.com/touristdestination/static/assets/img/uploads/Kuldhara2.jpg]
[tripindia.herokuapp.com/touristdestination/static/assets/img/uploads/Kuldhara3.jpg]
[tripindia.herokuapp.com/touristdestination/explore/Jaisalmer/Kuldhara.html]
[tripindia.herokuapp.com/touristdestination/static/assets/img/uploads/Jaisalmer Fort1.jpg]
[tripindia.herokuapp.com/touristdestination/static/assets/img/uploads/Jaisalmer Fort2.jpg]
[tripindia.herokuapp.com/touristdestination/static/assets/img/uploads/Jaisalmer Fort3.jpg]
[tripindia.herokuapp.com/touristdestination/explore/Jaisalmer/Jaisalmer Fort.html]
[tripindia.herokuapp.com/touristdestination/static/assets/img/uploads/GADISAR LAKE1.jpg]
[tripindia.herokuapp.com/touristdestination/static/assets/img/uploads/GADISAR LAKE2.jpg]
[tripindia.herokuapp.com/touristdestination/static/assets/img/uploads/GADISAR LAKE3.jpg]
[tripindia.herokuapp.com/touristdestination/explore/Jaisalmer/GADISAR LAKE.html]
[tripindia.herokuapp.com/touristdestination/static/assets/img/uploads/Jaisalmer War Museum1.jpg]
[tripindia.herokuapp.com/touristdestination/static/assets/img/uploads/Jaisalmer War Museum2.jpg]
[tripindia.herokuapp.com/touristdestination/static/assets/img/uploads/Jaisalmer War Museum3.jpg]
[tripindia.herokuapp.com/touristdestination/explore/Jaisalmer/Jaisalmer War Museum.html]
[tripindia.herokuapp.com/touristdestination/static/assets/img/uploads/Desert National Park1.jpg]
[tripindia.herokuapp.com/touristdestination/static/assets/img/uploads/Desert National Park2.jpg]
[tripindia.herokuapp.com/touristdestination/static/assets/img/uploads/Desert National Park3.jpg]
[tripindia.herokuapp.com/touristdestination/explore/Jaisalmer/Desert National Park.html]
[tripindia.herokuapp.com/touristdestination/static/assets/img/uploads/Patwon Ki Haveli1.jpg]
[tripindia.herokuapp.com/touristdestination/static/assets/img/uploads/Patwon Ki Haveli2.jpg]
[tripindia.herokuapp.com/touristdestination/static/assets/img/uploads/Patwon Ki Haveli3.jpg]
[tripindia.herokuapp.com/touristdestination/explore/Jaisalmer/Patwon Ki Haveli.html]
[tripindia.herokuapp.com/touristdestination/static/assets/img/uploads/Bada Bagh1.jpg]
[tripindia.herokuapp.com/touristdestination/static/assets/img/uploads/Bada Bagh2.jpg]
[tripindia.herokuapp.com/touristdestination/static/assets/img/uploads/Bada Bagh3.jpg]
[tripindia.herokuapp.com/touristdestination/explore/Jaisalmer/Bada Bagh.html]
[tripindia.herokuapp.com/touristdestination/static/assets/img/uploads/Salim Singh Ki Haveli1.jpg]
[tripindia.herokuapp.com/touristdestination/static/assets/img/uploads/Salim Singh Ki Haveli2.jpg]
[tripindia.herokuapp.com/touristdestination/static/assets/img/uploads/Salim Singh Ki Haveli3.jpg]
[tripindia.herokuapp.com/touristdestination/explore/Jaisalmer/Salim Singh Ki Haveli.html]
[tripindia.herokuapp.com/touristdestination/static/assets/img/uploads/Sam Sand Dunes1.jpg]
[tripindia.herokuapp.com/touristdestination/static/assets/img/uploads/Sam Sand Dunes2.jpg]
[tripindia.herokuapp.com/touristdestination/static/assets/img/uploads/Sam Sand Dunes3.jpg]
[tripindia.herokuapp.com/touristdestination/explore/Jaisalmer/Sam Sand Dunes.html]
[tripindia.herokuapp.com/touristdestination/static/assets/img/uploads/Thar Heritage Museum1.jpg]
[tripindia.herokuapp.com/touristdestination/static/assets/img/uploads/Thar Heritage Museum2.jpg]
[tripindia.herokuapp.com/touristdestination/static/assets/img/uploads/Thar Heritage Museum3.jpg]
[tripindia.herokuapp.com/touristdestination/explore/Jaisalmer/Thar Heritage Museum.html]
[tripindia.herokuapp.com/touristdestination/static/assets/img/uploads/Mehrangarh Fort1.jpg]
[tripindia.herokuapp.com/touristdestination/static/assets/img/uploads/Mehrangarh Fort2.jpg]
[tripindia.herokuapp.com/touristdestination/static/assets/img/uploads/Mehrangarh Fort3.jpg]
[tripindia.herokuapp.com/touristdestination/explore/Jodhpur/Mehrangarh Fort.html]
[tripindia.herokuapp.com/touristdestination/static/assets/img/uploads/Toorji Ka Jhalra Bavdi1.jpg]
[tripindia.herokuapp.com/touristdestination/static/assets/img/uploads/Toorji Ka Jhalra Bavdi2.jpg]
[tripindia.herokuapp.com/touristdestination/static/assets/img/uploads/Toorji Ka Jhalra Bavdi3.jpg]
[tripindia.herokuapp.com/touristdestination/explore/Jodhpur/Toorji Ka Jhalra Bavdi.html]
[tripindia.herokuapp.com/touristdestination/static/assets/img/uploads/Jaswant Thada1.jpg]
[tripindia.herokuapp.com/touristdestination/static/assets/img/uploads/Jaswant Thada2.jpg]
[tripindia.herokuapp.com/touristdestination/static/assets/img/uploads/Jaswant Thada3.jpg]
[tripindia.herokuapp.com/touristdestination/explore/Jodhpur/Jaswant Thada.html]
[tripindia.herokuapp.com/touristdestination/static/assets/img/uploads/Mandore Gardens1.jpg]
[tripindia.herokuapp.com/touristdestination/static/assets/img/uploads/Mandore Gardens2.jpg]
[tripindia.herokuapp.com/touristdestination/static/assets/img/uploads/Mandore Gardens3.jpg]
[tripindia.herokuapp.com/touristdestination/explore/Jodhpur/Mandore Gardens.html]
[tripindia.herokuapp.com/touristdestination/static/assets/img/uploads/Umaid Bhawan Museum1.jpg]
[tripindia.herokuapp.com/touristdestination/static/assets/img/uploads/Umaid Bhawan Museum2.jpg]
[tripindia.herokuapp.com/touristdestination/static/assets/img/uploads/Umaid Bhawan Museum3.jpg]
[tripindia.herokuapp.com/touristdestination/explore/Jodhpur/Umaid Bhawan Museum.html]
[tripindia.herokuapp.com/touristdestination/static/assets/img/uploads/Balsamand Lake And Garden1.jpg]
[tripindia.herokuapp.com/touristdestination/static/assets/img/uploads/Balsamand Lake And Garden2.jpg]
[tripindia.herokuapp.com/touristdestination/static/assets/img/uploads/Balsamand Lake And Garden3.jpg]
[tripindia.herokuapp.com/touristdestination/explore/Jodhpur/Balsamand Lake And Garden.html]
[tripindia.herokuapp.com/touristdestination/static/assets/img/uploads/Masuriya Hill Garden1.jpg]
[tripindia.herokuapp.com/touristdestination/static/assets/img/uploads/Masuriya Hill Garden2.jpg]
[tripindia.herokuapp.com/touristdestination/static/assets/img/uploads/Masuriya Hill Garden3.jpg]
[tripindia.herokuapp.com/touristdestination/explore/Jodhpur/Masuriya Hill Garden.html]
[tripindia.herokuapp.com/touristdestination/static/assets/img/uploads/Sardar Government Museum1.jpg]
[tripindia.herokuapp.com/touristdestination/static/assets/img/uploads/Sardar Government Museum2.jpg]
[tripindia.herokuapp.com/touristdestination/static/assets/img/uploads/Sardar Government Museum3.jpg]
[tripindia.herokuapp.com/touristdestination/explore/Jodhpur/Sardar Government Museum.html]
[tripindia.herokuapp.com/touristdestination/static/assets/img/uploads/Mahamandir Temple1.jpg]
[tripindia.herokuapp.com/touristdestination/static/assets/img/uploads/Mahamandir Temple2.jpg]
[tripindia.herokuapp.com/touristdestination/static/assets/img/uploads/Mahamandir Temple3.jpg]
[tripindia.herokuapp.com/touristdestination/explore/Jodhpur/Mahamandir Temple.html]
[tripindia.herokuapp.com/touristdestination/static/assets/img/uploads/Ghanta Ghar1.jpg]
[tripindia.herokuapp.com/touristdestination/static/assets/img/uploads/Ghanta Ghar2.jpg]
[tripindia.herokuapp.com/touristdestination/static/assets/img/uploads/Ghanta Ghar3.jpg]
[tripindia.herokuapp.com/touristdestination/explore/Jodhpur/Ghanta Ghar.html]
[tripindia.herokuapp.com/touristdestination/static/assets/img/uploads/Phool Mahal1.jpg]
[tripindia.herokuapp.com/touristdestination/static/assets/img/uploads/Phool Mahal2.jpg]
[tripindia.herokuapp.com/touristdestination/static/assets/img/uploads/Phool Mahal3.jpg]
[tripindia.herokuapp.com/touristdestination/explore/Jodhpur/Phool Mahal.html]
[tripindia.herokuapp.com/touristdestination/static/assets/img/uploads/Machia Biological Park1.jpg]
[tripindia.herokuapp.com/touristdestination/static/assets/img/uploads/Machia Biological Park2.jpg]
[tripindia.herokuapp.com/touristdestination/static/assets/img/uploads/Machia Biological Park3.jpg]
[tripindia.herokuapp.com/touristdestination/explore/Jodhpur/Machia Biological Park.html]
[tripindia.herokuapp.com/touristdestination/static/assets/img/uploads/Chamunda Devi Temple1.jpg]
[tripindia.herokuapp.com/touristdestination/static/assets/img/uploads/Chamunda Devi Temple2.jpg]
[tripindia.herokuapp.com/touristdestination/static/assets/img/uploads/Chamunda Devi Temple3.jpg]
[tripindia.herokuapp.com/touristdestination/explore/Jodhpur/Chamunda Devi Temple.html]
[tripindia.herokuapp.com/touristdestination/static/assets/img/uploads/Kaylana Lake1.jpg]
[tripindia.herokuapp.com/touristdestination/static/assets/img/uploads/Kaylana Lake2.jpg]
[tripindia.herokuapp.com/touristdestination/static/assets/img/uploads/Kaylana Lake3.jpg]
[tripindia.herokuapp.com/touristdestination/explore/Jodhpur/Kaylana Lake.html]
[tripindia.herokuapp.com/touristdestination/static/assets/img/uploads/Jain Mahavira Temple1.jpg]
[tripindia.herokuapp.com/touristdestination/static/assets/img/uploads/Jain Mahavira Temple2.jpg]
[tripindia.herokuapp.com/touristdestination/static/assets/img/uploads/Jain Mahavira Temple3.jpg]
[tripindia.herokuapp.com/touristdestination/explore/Jodhpur/Jain Mahavira Temple.html]
[tripindia.herokuapp.com/touristdestination/static/assets/img/uploads/Osian Desert1.jpg]
[tripindia.herokuapp.com/touristdestination/static/assets/img/uploads/Osian Desert2.jpg]
[tripindia.herokuapp.com/touristdestination/static/assets/img/uploads/Osian Desert3.jpg]
[tripindia.herokuapp.com/touristdestination/explore/Jodhpur/Osian Desert.html]
[tripindia.herokuapp.com/touristdestination/static/assets/img/uploads/Dilwara Temple1.jpg]
[tripindia.herokuapp.com/touristdestination/static/assets/img/uploads/Dilwara Temple2.jpg]
[tripindia.herokuapp.com/touristdestination/static/assets/img/uploads/Dilwara Temple3.jpg]
[tripindia.herokuapp.com/touristdestination/explore/Mount Abu/Dilwara Temple.html]
[tripindia.herokuapp.com/touristdestination/static/assets/img/uploads/Nakki Lake1.jpg]
[tripindia.herokuapp.com/touristdestination/static/assets/img/uploads/Nakki Lake2.jpg]
[tripindia.herokuapp.com/touristdestination/static/assets/img/uploads/Nakki Lake3.jpg]
[tripindia.herokuapp.com/touristdestination/explore/Mount Abu/Nakki Lake.html]
[tripindia.herokuapp.com/touristdestination/static/assets/img/uploads/Fateh Sagar Lake1.jpg]
[tripindia.herokuapp.com/touristdestination/static/assets/img/uploads/Fateh Sagar Lake2.jpg]
[tripindia.herokuapp.com/touristdestination/static/assets/img/uploads/Fateh Sagar Lake3.jpg]
[tripindia.herokuapp.com/touristdestination/explore/Udaipur/Fateh Sagar Lake.html]
[tripindia.herokuapp.com/touristdestination/static/assets/img/uploads/City Palace1-2.jpg]
[tripindia.herokuapp.com/touristdestination/static/assets/img/uploads/City Palace2-2.jpg]
[tripindia.herokuapp.com/touristdestination/static/assets/img/uploads/City Palace3-2.jpg]
[tripindia.herokuapp.com/touristdestination/explore/Udaipur/City Palace.html]
[tripindia.herokuapp.com/touristdestination/static/assets/img/uploads/Lake Pichola1.jpg]
[tripindia.herokuapp.com/touristdestination/static/assets/img/uploads/Lake Pichola2.jpg]
[tripindia.herokuapp.com/touristdestination/static/assets/img/uploads/Lake Pichola3.jpg]
[tripindia.herokuapp.com/touristdestination/explore/Udaipur/Lake Pichola.html]
[tripindia.herokuapp.com/touristdestination/static/assets/img/uploads/Haldighati1.jpg]
[tripindia.herokuapp.com/touristdestination/static/assets/img/uploads/Haldighati2.jpg]
[tripindia.herokuapp.com/touristdestination/static/assets/img/uploads/Haldighati3.jpg]
[tripindia.herokuapp.com/touristdestination/explore/Udaipur/Haldighati.html]
[tripindia.herokuapp.com/touristdestination/static/assets/img/uploads/Jagdish Temple1.jpg]
[tripindia.herokuapp.com/touristdestination/static/assets/img/uploads/Jagdish Temple2.jpg]
[tripindia.herokuapp.com/touristdestination/static/assets/img/uploads/Jagdish Temple3.jpg]
[tripindia.herokuapp.com/touristdestination/explore/Udaipur/Jagdish Temple.html]
[tripindia.herokuapp.com/touristdestination/static/assets/img/uploads/Vintage Car Museum1.jpg]
[tripindia.herokuapp.com/touristdestination/static/assets/img/uploads/Vintage Car Museum2.jpg]
[tripindia.herokuapp.com/touristdestination/static/assets/img/uploads/Vintage Car Museum3.jpg]
[tripindia.herokuapp.com/touristdestination/explore/Udaipur/Vintage Car Museum.html]
[tripindia.herokuapp.com/touristdestination/static/assets/img/uploads/Bagore Ki Haveli1.jpg]
[tripindia.herokuapp.com/touristdestination/static/assets/img/uploads/Bagore Ki Haveli2.jpg]
[tripindia.herokuapp.com/touristdestination/static/assets/img/uploads/Bagore Ki Haveli3.jpg]
[tripindia.herokuapp.com/touristdestination/explore/Udaipur/Bagore Ki Haveli.html]
[tripindia.herokuapp.com/touristdestination/static/assets/img/uploads/Sajjangarh Fort1.jpg]
[tripindia.herokuapp.com/touristdestination/static/assets/img/uploads/Sajjangarh Fort2.jpg]
[tripindia.herokuapp.com/touristdestination/static/assets/img/uploads/Sajjangarh Fort3.jpg]
[tripindia.herokuapp.com/touristdestination/explore/Udaipur/Sajjangarh Fort.html]
[tripindia.herokuapp.com/touristdestination/static/assets/img/uploads/Sahelion Ki Bari1.jpg]
[tripindia.herokuapp.com/touristdestination/static/assets/img/uploads/Sahelion Ki Bari2.jpg]
[tripindia.herokuapp.com/touristdestination/static/assets/img/uploads/Sahelion Ki Bari3.jpg]
[tripindia.herokuapp.com/touristdestination/explore/Udaipur/Sahelion Ki Bari.html]
[tripindia.herokuapp.com/touristdestination/static/assets/img/uploads/Moti Magri1.jpg]
[tripindia.herokuapp.com/touristdestination/static/assets/img/uploads/Moti Magri2.jpg]
[tripindia.herokuapp.com/touristdestination/static/assets/img/uploads/Moti Magri3.jpg]
[tripindia.herokuapp.com/touristdestination/explore/Udaipur/Moti Magri.html]
[tripindia.herokuapp.com/touristdestination/static/assets/img/uploads/Shilpgram1.jpg]
[tripindia.herokuapp.com/touristdestination/static/assets/img/uploads/Shilpgram2.jpg]
[tripindia.herokuapp.com/touristdestination/static/assets/img/uploads/Shilpgram3.jpg]
[tripindia.herokuapp.com/touristdestination/explore/Udaipur/Shilpgram.html]
[tripindia.herokuapp.com/touristdestination/static/assets/img/uploads/Rishikesh1.jpg]
[tripindia.herokuapp.com/touristdestination/static/assets/img/uploads/Rishikesh2.jpg]
[tripindia.herokuapp.com/touristdestination/static/assets/img/uploads/Rishikesh3.jpg]
[tripindia.herokuapp.com/touristdestination/explore/Dehradun/Rishikesh.html]
[tripindia.herokuapp.com/user/static/signupassets/fonts/montserrat/montserrat-v12-latin-900.svg]
[tripindia.herokuapp.com/touristdestination/static/assets/fonts/fontawesome-webfontba72.svg]
[tripindia.herokuapp.com/touristdestination/static/assets/css/info.css]
